Discovered 204 event URLs from Visit NH API
Found 204 event URLs
[1/204] 12,000 Years Ago in the Granite State
[2/204] 14th Annual "Ralley in the Valley" Car Show
[3/204] 15th Annual Community Holiday Craft Fair
[4/204] 2026 Seven to Save Announcement
[5/204] 27th Annual Autumn Craft Festival on the Lake
[6/204] 27th Annual Chili Challenge
[7/204] 2nd Annual NH Author Meet and Greet at Laconia Public Library
[8/204] 4th Annual Schwendi Fest
[9/204] A Beginner's Guide to Cemetery Sleuthing with Erin Moulton
[10/204] Adam Vinatieri
[11/204] Albert Cummings
[12/204] Ally Venable
[13/204] Animal Encounter Series: New Hampshire Wildlife
[14/204] Annual Tree Lighting at Hesky Park
[15/204] Apple Harvest Day
[16/204] Applefest
[17/204] Arts Council of Tamworth Fundraiser with Revo Casino
[18/204] Beatles Tribute
[19/204] Building the Past Homeschool Day
[20/204] Bywater Call
[21/204] California Guitar Trio
[22/204] Candlelight Stroll
[23/204] Candlelight Stroll
[24/204] Candlelight Stroll
[25/204] Candlelight Stroll
[26/204] Candlelight Stroll
[27/204] Candlelight Stroll
[28/204] Candlelight Stroll
[29/204] Candlelight Stroll
[30/204] Candlelight Stroll
[31/204] Carolyn Wonderland
[32/204] Cherish The Ladies Celtic Christmas
[33/204] Coco Montoya
[34/204] Coloring Main Street
[35/204] Comedian, Daniel Simonsen featuring Ben Chadwick and Hosted by Katy Coughlin in Manchester
[36/204] Comedian, Larry Venturino in Manchester, NH
[37/204] Communities That Care
[38/204] Community Bake: Pizza with a Purpose!
[39/204] Community Day at the Hood Museum of Art
[40/204] Crosswind - The Chris Stapleton Experience
[41/204] Danilo Pérez Trio: Panamonk
[42/204] David Benoit Christmas Tribute to Charlie Brown with Courtney Fortune
[43/204] Devine & Nix Presented By Franklin Opera House
[44/204] Don Jovi
[45/204] Dr. Allen W. Root Distinguished Contemporary Art Lectureship: Barbara Takenaga
[46/204] Dueling Pianos LIVE!
[47/204] Eli "Paperboy" Reed
[48/204] Evening With - John Splithoff Stripped Tour
[49/204] Evening With - John Splithoff Stripped Tour
[50/204] Exhibition Tour
[51/204] Fall Foliage Fest
[52/204] FallFest Bazaar
[53/204] Falling Leaf Mixed Metal Earrings Class with Deb Ryan
[54/204] Family Craft: Fall Puzzle Coloring
[55/204] Family Halloween Bash with Meredith Parks and Rec
[56/204] Figure Drawing for Beginners
[57/204] Five Masters of Jazz
[58/204] Five Masters of Jazz at Jimmy’s Jazz and Blues Club
[59/204] Fresh Meat: A local comedy showcase headlined by touring Comedian Forrest Shaw
[60/204] From Loyalist to Liberty
[61/204] G. Love & Special Sauce
[62/204] Gallery of Gifts: Holiday Artisan Marketplace
[63/204] GHOST LIGHT - A Haunting Experience
[64/204] Ghosts on the Banke—A Family-Friendly Halloween
[65/204] Ghosts on the Banke—A Family-Friendly Halloween
[66/204] Ghosts on the Banke—A Family-Friendly Halloween
[67/204] Ghosts on the Banke—A Family-Friendly Halloween
[68/204] Gifts of the Garden: Q&A Sessions - FREE
[69/204] Grace Kelly
[70/204] Greet Halloween with Edgar Allan Poe
[71/204] Harmony and Hilarity: Live A Cappella Comedy in Concord
[72/204] Harvest and Rust
[73/204] Harvest Hues
[74/204] Harvest Moon Festival
[75/204] Haunted Halloween Happenings
[76/204] Haunted Overload - Day Haunt
[77/204] Haunted Overload - Day Haunt
[78/204] Haunted Overload - Day Haunt
[79/204] Haunted Overload - Day Haunt
[80/204] Haunted Overload - Day Haunt
[81/204] Haunted Overload - Day Haunt
[82/204] Haunted Overload - Day Haunt
[83/204] Haunted Overload - Day Haunt
[84/204] Haunted Overload - Day Haunt
[85/204] Haunted Overload - Day Haunt
[86/204] Haunted Overload - Day Haunt
[87/204] Haunted Overload - Day Haunt
[88/204] Haunted Overload - Devil’s Night (Ticketed Time Blocks)
[89/204] Haunted Overload - Fright Night Lite
[90/204] Haunted Overload - Fright Night Lite
[91/204] Haunted Overload - Fright Night Lite
[92/204] Haunted Overload - Fright Night Lite
[93/204] Haunted Overload - Main Event
[94/204] Haunted Overload - Main Event (Ticketed Time Blocks)
[95/204] Haunted Overload - Main Event (Ticketed Time Blocks)
[96/204] Haunted Overload - Main Event (Ticketed Time Blocks)
[97/204] Haunted Overload - Main Event (Ticketed Time Blocks)
[98/204] Haunted Overload - Main Event (Ticketed Time Blocks)
[99/204] Haunted Overload - Main Event (Ticketed Time Blocks)
[100/204] Haunted Overload - Main Event (Ticketed Time Blocks)
[101/204] Haunted Overload - Main Event (Ticketed Time Blocks)
[102/204] Haunted Overload - Main Event (Ticketed Time Blocks)
[103/204] Haunted Overload - Main Event (Ticketed Time Blocks)
[104/204] Henniker Handmade & Homegrown
[105/204] Henniker Handmade & Homegrown
[106/204] High Mowing High School Open House
[107/204] Holiday Acapella
[108/204] Holiday Craft Fair
[109/204] Holiday Movie Night with Meredith Parks and Rec
[110/204] Holiday Open House with Meredith Parks and Rec
[111/204] Holly Jolly Craft Fair
[112/204] Indigenous Peoples' Day
[113/204] Introduction to Drop Spinning
[114/204] Introduction to Drop Spinning
[115/204] Introduction to Textile Weaving
[116/204] James Montgomery Band
[117/204] Jimmy's Monster Halloween Dance Party
[118/204] Johnny Folsom 4
[119/204] Jon McLaughlin Home for the Holidays 7:00pm
[120/204] Jon McLaughlin Home for The Holidays 9:30pm
[121/204] Josh Day and Friends, A hiliarious night of stand up comedy
[122/204] Journal Writing Workshop
[123/204] Kandace Springs 7pm
[124/204] Kandace Springs 9:30pm
[125/204] Knit a Watch Cap Workshop
[126/204] Laconia Pumpkin Festival
[127/204] Leaf Peeper's Craft Fair
[128/204] Learn to Knit: A Simple Beanie!
[129/204] Live Animal Presentation with a Naturalist at Lost River Gorge & Boulder Caves
[130/204] Main Street Monster Mash and Howl-O-Ween
[131/204] Mamma Mania
[132/204] Mathis Picard
[133/204] Monophonics
[134/204] Mount Washington Valley October Craft Fair
[135/204] "Murder in Black & White" Murder Mystery Dessert Theatre
[136/204] "Murder in Black & White" Murder Mystery Dessert Theatre
[137/204] Nate Smith 7pm
[138/204] Nate Smith 9:30pm
[139/204] NH Book Festival
[140/204] Ocean Discovery Day
[141/204] Oh Biscuits Breakfast!
[142/204] Oktoberfest: Eastern Sound Polka Band
[143/204] OPEN STUDIOS and Bakery Pop=Up
[144/204] Patti Austin 6pm
[145/204] Patti Austin 8:30pm
[146/204] Patty Larkin & Lucy Kaplansky
[147/204] Peppermint Twist Basket Workshop
[148/204] Pope Memorial SPCA Frosty Paws 5K
[149/204] Powerhouse Theatre Collaborative presents Hook's Tale
[150/204] Psychic Medium Lauren Rainbow at Medallion Opera House
[151/204] Pumpkin Festival at Charmingfare Farm
[152/204] Quinn Sullivan
[153/204] Quixotic! Presented by Franklin Opera House
[154/204] Rachael & Vilray
[155/204] Rachael & Vilray 6:00pm
[156/204] Ronnie Earl & the Broadcasters
[157/204] Ruthie Foster
[158/204] Ryan Byrne Band at the Medallion Opera House
[159/204] Seed Saving of Native Plants
[160/204] Settlers Green: Boo Bash
[161/204] Settlers Green: Bring A Friend
[162/204] Settlers Green: Busker Festival
[163/204] Settlers Green: Fall Festival
[164/204] Settlers Green: Holiday Festival & Tree Lighting
[165/204] Settlers Green: Noon Year's Eve
[166/204] Skynyrd's Hatchet
[167/204] Songbird: The Singular Tribute to Barbra Streisand
[168/204] Southern New Hampshire Health 5K Run/Walk
[169/204] Special Monster Storytime
[170/204] Spooky World 35th Anniversary Weekend
[171/204] Stand Up Comedy w/ Orlando Baxter and more
[172/204] Storybook Walk: Join Us to Celebrate “Halloween in Good Cheer”
[173/204] Strategies for Dismantling the War Machine with Khoury Petersen-Smith
[174/204] Tell Me Lies
[175/204] Thanksgiving Day Buffet at Epoch
[176/204] The Bean Tones: A Holiday Special
[177/204] The Brit Pack - British Invasion and More
[178/204] The Dustbowl Revival
[179/204] The Expo
[180/204] The Life Forest Midnight Market at The Bower
[181/204] The Night Before Laconia Pumpkin Fest
[182/204] The Rat Pack Tribute
[183/204] The Rocky Horror Picture Show with Live Shadow Cast
[184/204] The Rocky Horror Picture Show with Live Shadow Cast
[185/204] The Rocky Horror Picture Show with Live Shadow Cast
[186/204] The Soul Rebels
[187/204] Thoreau's WALDEN performed by William George October 2-4 at Portsmouth NH's Pontine Theatre/home/runner/work/visitnh-calendar/visitnh-calendar/generate_calendar.py:295: DeprecationWarning: datetime.datetime.utcnow() is deprecated and scheduled for removal in a future version. Use timezone-aware objects to represent datetimes in UTC: datetime.datetime.now(datetime.UTC).
  ev.add("dtstamp", datetime.utcnow())

[188/204] Thunderbeard
[189/204] Tim Theriault
[190/204] Tricks and Treats
[191/204] TubaChristmas!
[192/204] Understanding Medicare and Your Options
[193/204] Vampires in New England - with author Thomas D'Agostino
[194/204] Victorian Christmas Cards Workshop
[195/204] Viva Las Elvis
[196/204] WACNH/Portsmouth Athenaeum present Continental Power, Maritime Power and the New World Order,
[197/204] Warren Wolf's Christmas Vibes
[198/204] Weave a Scarf in a Day Workshop
[199/204] Weave a Scarf in a Day Workshop
[200/204] Weave a Scarf in a Day Workshop
[201/204] Weave a Scarf in a Day Workshop
[202/204] Winston Hodges from Netflix's Funny AF with Kevin Hart(2 shows)
[203/204] Winter Celebrations Homeschool Guided Tour
[204/204] Wolfeboro's Great Pumpkin Hunt
Wrote visitnh.ics with 204 events
